../Drivers/STM32L4xx_HAL_Driver/Src/stm32l4xx_hal_dfsdm.c:300:19:HAL_DFSDM_ChannelInit	48	static,ignoring_inline_asm
../Drivers/STM32L4xx_HAL_Driver/Src/stm32l4xx_hal_dfsdm.c:394:19:HAL_DFSDM_ChannelDeInit	16	static
../Drivers/STM32L4xx_HAL_Driver/Src/stm32l4xx_hal_dfsdm.c:440:13:HAL_DFSDM_ChannelMspInit	16	static
../Drivers/STM32L4xx_HAL_Driver/Src/stm32l4xx_hal_dfsdm.c:455:13:HAL_DFSDM_ChannelMspDeInit	16	static
../Drivers/STM32L4xx_HAL_Driver/Src/stm32l4xx_hal_dfsdm.c:494:19:HAL_DFSDM_ChannelCkabStart	48	static,ignoring_inline_asm
../Drivers/STM32L4xx_HAL_Driver/Src/stm32l4xx_hal_dfsdm.c:547:19:HAL_DFSDM_ChannelPollForCkab	40	static,ignoring_inline_asm
../Drivers/STM32L4xx_HAL_Driver/Src/stm32l4xx_hal_dfsdm.c:597:19:HAL_DFSDM_ChannelCkabStop	32	static,ignoring_inline_asm
../Drivers/STM32L4xx_HAL_Driver/Src/stm32l4xx_hal_dfsdm.c:633:19:HAL_DFSDM_ChannelCkabStart_IT	48	static,ignoring_inline_asm
../Drivers/STM32L4xx_HAL_Driver/Src/stm32l4xx_hal_dfsdm.c:688:13:HAL_DFSDM_ChannelCkabCallback	16	static
../Drivers/STM32L4xx_HAL_Driver/Src/stm32l4xx_hal_dfsdm.c:704:19:HAL_DFSDM_ChannelCkabStop_IT	32	static,ignoring_inline_asm
../Drivers/STM32L4xx_HAL_Driver/Src/stm32l4xx_hal_dfsdm.c:744:19:HAL_DFSDM_ChannelScdStart	40	static,ignoring_inline_asm
../Drivers/STM32L4xx_HAL_Driver/Src/stm32l4xx_hal_dfsdm.c:781:19:HAL_DFSDM_ChannelPollForScd	40	static,ignoring_inline_asm
../Drivers/STM32L4xx_HAL_Driver/Src/stm32l4xx_hal_dfsdm.c:831:19:HAL_DFSDM_ChannelScdStop	32	static,ignoring_inline_asm
../Drivers/STM32L4xx_HAL_Driver/Src/stm32l4xx_hal_dfsdm.c:868:19:HAL_DFSDM_ChannelScdStart_IT	40	static,ignoring_inline_asm
../Drivers/STM32L4xx_HAL_Driver/Src/stm32l4xx_hal_dfsdm.c:907:13:HAL_DFSDM_ChannelScdCallback	16	static
../Drivers/STM32L4xx_HAL_Driver/Src/stm32l4xx_hal_dfsdm.c:923:19:HAL_DFSDM_ChannelScdStop_IT	32	static,ignoring_inline_asm
../Drivers/STM32L4xx_HAL_Driver/Src/stm32l4xx_hal_dfsdm.c:958:9:HAL_DFSDM_ChannelGetAwdValue	16	static
../Drivers/STM32L4xx_HAL_Driver/Src/stm32l4xx_hal_dfsdm.c:970:19:HAL_DFSDM_ChannelModifyOffset	32	static,ignoring_inline_asm
../Drivers/STM32L4xx_HAL_Driver/Src/stm32l4xx_hal_dfsdm.c:1017:32:HAL_DFSDM_ChannelGetState	16	static
../Drivers/STM32L4xx_HAL_Driver/Src/stm32l4xx_hal_dfsdm.c:1047:19:HAL_DFSDM_FilterInit	24	static,ignoring_inline_asm
../Drivers/STM32L4xx_HAL_Driver/Src/stm32l4xx_hal_dfsdm.c:1157:19:HAL_DFSDM_FilterDeInit	16	static
../Drivers/STM32L4xx_HAL_Driver/Src/stm32l4xx_hal_dfsdm.c:1185:13:HAL_DFSDM_FilterMspInit	16	static
../Drivers/STM32L4xx_HAL_Driver/Src/stm32l4xx_hal_dfsdm.c:1200:13:HAL_DFSDM_FilterMspDeInit	16	static
../Drivers/STM32L4xx_HAL_Driver/Src/stm32l4xx_hal_dfsdm.c:1238:19:HAL_DFSDM_FilterConfigRegChannel	32	static
../Drivers/STM32L4xx_HAL_Driver/Src/stm32l4xx_hal_dfsdm.c:1283:19:HAL_DFSDM_FilterConfigInjChannel	24	static
../Drivers/STM32L4xx_HAL_Driver/Src/stm32l4xx_hal_dfsdm.c:1353:19:HAL_DFSDM_FilterRegularStart	24	static
../Drivers/STM32L4xx_HAL_Driver/Src/stm32l4xx_hal_dfsdm.c:1382:19:HAL_DFSDM_FilterPollForRegConversion	24	static
../Drivers/STM32L4xx_HAL_Driver/Src/stm32l4xx_hal_dfsdm.c:1443:19:HAL_DFSDM_FilterRegularStop	24	static
../Drivers/STM32L4xx_HAL_Driver/Src/stm32l4xx_hal_dfsdm.c:1473:19:HAL_DFSDM_FilterRegularStart_IT	24	static
../Drivers/STM32L4xx_HAL_Driver/Src/stm32l4xx_hal_dfsdm.c:1504:19:HAL_DFSDM_FilterRegularStop_IT	24	static
../Drivers/STM32L4xx_HAL_Driver/Src/stm32l4xx_hal_dfsdm.c:1542:19:HAL_DFSDM_FilterRegularStart_DMA	32	static
../Drivers/STM32L4xx_HAL_Driver/Src/stm32l4xx_hal_dfsdm.c:1619:19:HAL_DFSDM_FilterRegularMsbStart_DMA	32	static
../Drivers/STM32L4xx_HAL_Driver/Src/stm32l4xx_hal_dfsdm.c:1690:19:HAL_DFSDM_FilterRegularStop_DMA	24	static
../Drivers/STM32L4xx_HAL_Driver/Src/stm32l4xx_hal_dfsdm.c:1729:9:HAL_DFSDM_FilterGetRegularValue	32	static,ignoring_inline_asm
../Drivers/STM32L4xx_HAL_Driver/Src/stm32l4xx_hal_dfsdm.c:1757:19:HAL_DFSDM_FilterInjectedStart	24	static
../Drivers/STM32L4xx_HAL_Driver/Src/stm32l4xx_hal_dfsdm.c:1786:19:HAL_DFSDM_FilterPollForInjConversion	24	static
../Drivers/STM32L4xx_HAL_Driver/Src/stm32l4xx_hal_dfsdm.c:1857:19:HAL_DFSDM_FilterInjectedStop	24	static
../Drivers/STM32L4xx_HAL_Driver/Src/stm32l4xx_hal_dfsdm.c:1887:19:HAL_DFSDM_FilterInjectedStart_IT	24	static
../Drivers/STM32L4xx_HAL_Driver/Src/stm32l4xx_hal_dfsdm.c:1918:19:HAL_DFSDM_FilterInjectedStop_IT	24	static
../Drivers/STM32L4xx_HAL_Driver/Src/stm32l4xx_hal_dfsdm.c:1956:19:HAL_DFSDM_FilterInjectedStart_DMA	32	static
../Drivers/STM32L4xx_HAL_Driver/Src/stm32l4xx_hal_dfsdm.c:2031:19:HAL_DFSDM_FilterInjectedMsbStart_DMA	32	static
../Drivers/STM32L4xx_HAL_Driver/Src/stm32l4xx_hal_dfsdm.c:2100:19:HAL_DFSDM_FilterInjectedStop_DMA	24	static
../Drivers/STM32L4xx_HAL_Driver/Src/stm32l4xx_hal_dfsdm.c:2139:9:HAL_DFSDM_FilterGetInjectedValue	32	static,ignoring_inline_asm
../Drivers/STM32L4xx_HAL_Driver/Src/stm32l4xx_hal_dfsdm.c:2166:19:HAL_DFSDM_FilterAwdStart_IT	48	static,ignoring_inline_asm
../Drivers/STM32L4xx_HAL_Driver/Src/stm32l4xx_hal_dfsdm.c:2215:19:HAL_DFSDM_FilterAwdStop_IT	24	static
../Drivers/STM32L4xx_HAL_Driver/Src/stm32l4xx_hal_dfsdm.c:2255:19:HAL_DFSDM_FilterExdStart	32	static,ignoring_inline_asm
../Drivers/STM32L4xx_HAL_Driver/Src/stm32l4xx_hal_dfsdm.c:2286:19:HAL_DFSDM_FilterExdStop	32	static
../Drivers/STM32L4xx_HAL_Driver/Src/stm32l4xx_hal_dfsdm.c:2324:9:HAL_DFSDM_FilterGetExdMaxValue	32	static,ignoring_inline_asm
../Drivers/STM32L4xx_HAL_Driver/Src/stm32l4xx_hal_dfsdm.c:2352:9:HAL_DFSDM_FilterGetExdMinValue	32	static,ignoring_inline_asm
../Drivers/STM32L4xx_HAL_Driver/Src/stm32l4xx_hal_dfsdm.c:2379:10:HAL_DFSDM_FilterGetConvTimeValue	32	static,ignoring_inline_asm
../Drivers/STM32L4xx_HAL_Driver/Src/stm32l4xx_hal_dfsdm.c:2402:6:HAL_DFSDM_IRQHandler	96	static,ignoring_inline_asm
../Drivers/STM32L4xx_HAL_Driver/Src/stm32l4xx_hal_dfsdm.c:2563:13:HAL_DFSDM_FilterRegConvCpltCallback	16	static
../Drivers/STM32L4xx_HAL_Driver/Src/stm32l4xx_hal_dfsdm.c:2578:13:HAL_DFSDM_FilterRegConvHalfCpltCallback	16	static
../Drivers/STM32L4xx_HAL_Driver/Src/stm32l4xx_hal_dfsdm.c:2595:13:HAL_DFSDM_FilterInjConvCpltCallback	16	static
../Drivers/STM32L4xx_HAL_Driver/Src/stm32l4xx_hal_dfsdm.c:2610:13:HAL_DFSDM_FilterInjConvHalfCpltCallback	16	static
../Drivers/STM32L4xx_HAL_Driver/Src/stm32l4xx_hal_dfsdm.c:2627:13:HAL_DFSDM_FilterAwdCallback	24	static
../Drivers/STM32L4xx_HAL_Driver/Src/stm32l4xx_hal_dfsdm.c:2645:13:HAL_DFSDM_FilterErrorCallback	16	static
../Drivers/STM32L4xx_HAL_Driver/Src/stm32l4xx_hal_dfsdm.c:2678:31:HAL_DFSDM_FilterGetState	16	static
../Drivers/STM32L4xx_HAL_Driver/Src/stm32l4xx_hal_dfsdm.c:2689:10:HAL_DFSDM_FilterGetError	16	static
../Drivers/STM32L4xx_HAL_Driver/Src/stm32l4xx_hal_dfsdm.c:2713:13:DFSDM_DMARegularHalfConvCplt	24	static
../Drivers/STM32L4xx_HAL_Driver/Src/stm32l4xx_hal_dfsdm.c:2727:13:DFSDM_DMARegularConvCplt	24	static
../Drivers/STM32L4xx_HAL_Driver/Src/stm32l4xx_hal_dfsdm.c:2741:13:DFSDM_DMAInjectedHalfConvCplt	24	static
../Drivers/STM32L4xx_HAL_Driver/Src/stm32l4xx_hal_dfsdm.c:2755:13:DFSDM_DMAInjectedConvCplt	24	static
../Drivers/STM32L4xx_HAL_Driver/Src/stm32l4xx_hal_dfsdm.c:2769:13:DFSDM_DMAError	24	static
../Drivers/STM32L4xx_HAL_Driver/Src/stm32l4xx_hal_dfsdm.c:2786:17:DFSDM_GetInjChannelsNbr	24	static
../Drivers/STM32L4xx_HAL_Driver/Src/stm32l4xx_hal_dfsdm.c:2809:17:DFSDM_GetChannelFromInstance	24	static
../Drivers/STM32L4xx_HAL_Driver/Src/stm32l4xx_hal_dfsdm.c:2858:13:DFSDM_RegConvStart	16	static
../Drivers/STM32L4xx_HAL_Driver/Src/stm32l4xx_hal_dfsdm.c:2899:13:DFSDM_RegConvStop	16	static
../Drivers/STM32L4xx_HAL_Driver/Src/stm32l4xx_hal_dfsdm.c:2935:13:DFSDM_InjConvStart	16	static
../Drivers/STM32L4xx_HAL_Driver/Src/stm32l4xx_hal_dfsdm.c:2979:13:DFSDM_InjConvStop	16	static
